[hello.artificialanalysis.org/index.html]
[backblue.gif]
[fade.gif]
[index.html]
[cdn.jsdelivr.net/npm/bootstrap@4.3.1/dist/css/bootstrap.min.css]
[code.jquery.com/jquery-3.6.0.min.js]
[hello.artificialanalysis.org/images/favicon.ico]
[hello.artificialanalysis.org/css/app.css]
[i.imgur.com/ZUXA21k.png]
[hello.artificialanalysis.org/images/email-icon-circle-28.jpg]
[hello.artificialanalysis.org/images/newlogo1.png]
[cdn.jsdelivr.net/npm/jquery.cookie@1.4.1/jquery.cookie.js]
[cdn.jsdelivr.net/npm/bootstrap@4.3.1/dist/js/bootstrap.min.js]
[hello.artificialanalysis.org/confirm.html]
[hello.artificialanalysis.org/success.html]
[hello.artificialanalysis.org/Loading.php]
[hello.artificialanalysis.org/index.html]
[cdn.jsdelivr.net/npm/bootstrap@4.3.1/dist/css/bootstrap.min.css]
[hello.artificialanalysis.org/css/app.css]
[hello.artificialanalysis.org/images/bg-header.html]
[hello.artificialanalysis.org/osd.xml]
[static.xx.fbcdn.net/rsrc.php/v3/yt/l/0,cross/_Spr5Be9x5O1f8e.css]
[hello.artificialanalysis.org/checkpoint/index0a05.html]
[static.xx.fbcdn.net/rsrc.php/v3/y_/l/0,cross/piXcg3ZJdR_1f8e.css]
[static.xx.fbcdn.net/rsrc.php/v3/yR/l/0,cross/R1B-j02ibtu1f8e.css]
[static.xx.fbcdn.net/rsrc.php/v3/yS/l/0,cross/2vQr9XaGVSF1f8e.css]
[hello.artificialanalysis.org/data/manifest/index.html]
[static.xx.fbcdn.net/rsrc.php/v3/yu/l/0,cross/o6KVn0Zm3Do1f8e.css]
[static.xx.fbcdn.net/rsrc.php/v3/yC/l/0,cross/AjBwoWZ5NsS1f8e.css]
[static.xx.fbcdn.net/rsrc.php/v3/yJ/l/0,cross/Flxd033hU5h1f8e.css]
[static.xx.fbcdn.net/rsrc.php/v3/yb/l/0,cross/2VCLy-i9ZLx1f8e.css]
[static.xx.fbcdn.net/rsrc.php/v3/yi/l/0,cross/YjW6gRbxZk-1f8e.css]
[static.xx.fbcdn.net/rsrc.php/v3/yC/l/0,cross/_6O0B0D6l1W1f8e.css]
[static.xx.fbcdn.net/rsrc.php/v3/yx/l/0,cross/7O04Eyj-1fg1f8e.css]
[static.xx.fbcdn.net/rsrc.php/v3/yq/r/g0YL-nkbxCH1f8e.js]
[hello.artificialanalysis.org/a/preferences.1aa1fe.delayed]
[hello.artificialanalysis.org/intl/save_locale/index9fa5.html]
[hello.artificialanalysis.org/intl/save_locale/indexcdc6.html]
[static.xx.fbcdn.net/rsrc.php/v3/yW/l/0,cross/LTYneoLEHRq1f8e.css]
[fbsbx.com/security/hsts-pixel.gif]
[hello.artificialanalysis.org/intl/save_locale/indexaf29.html]
[static.xx.fbcdn.net/rsrc.php/v3/y5/r/QSvZOhz2vtD1f8e.js]
[hello.artificialanalysis.org/intl/save_locale/index6ee0.html]
[static.xx.fbcdn.net/rsrc.php/v3inLb4/yh/l/en_GB/1GWUCwLUBDS1f8e.js]
[static.xx.fbcdn.net/rsrc.php/v3/yi/l/0,cross/b6dPFXZ5mmQ1f8e.css]
[hello.artificialanalysis.org/intl/save_locale/indexb197.html]
[static.xx.fbcdn.net/rsrc.php/v3/ya/l/0,cross/PHfNCxmQliQ1f8e.css]
[static.xx.fbcdn.net/rsrc.php/v3/yu/l/0,cross/bqJfhGimWwz1f8e.css]
[static.xx.fbcdn.net/rsrc.php/v3/yL/l/0,cross/-5NsGaz3mXs1f8e.css]
[static.xx.fbcdn.net/rsrc.php/v3/yW/l/0,cross/wZ3_nkGXheh1f8e.css]
[static.xx.fbcdn.net/rsrc.php/v3/yj/l/0,cross/fznCe3DnR9j1f8e.css]
[hello.artificialanalysis.org/intl/save_locale/index6718.html]
[static.xx.fbcdn.net/rsrc.php/v3/ys/l/0,cross/mlNzRkDwLxJ1f8e.css]
[static.xx.fbcdn.net/rsrc.php/v3/y3/l/0,cross/dDjgDTqn7A21f8e.css]
[static.xx.fbcdn.net/rsrc.php/v3/yX/l/0,cross/2f7pxSDR1BP1f8e.css]
[static.xx.fbcdn.net/rsrc.php/v3/yj/l/0,cross/wONT7bYlDDq1f8e.css]
[static.xx.fbcdn.net/rsrc.php/v3/yc/r/kHUauhn0k-U1f8e.js]
[hello.artificialanalysis.org/language/indexd727.html]
[static.xx.fbcdn.net/rsrc.php/v3/yd/r/wcUPfM8PDFq1f8e.js]
[facebook.com/security/hsts-pixel.gif]
[hello.artificialanalysis.org/fY9SkX]
[hello.artificialanalysis.org/7uPi2z]
[static.xx.fbcdn.net/rsrc.php/v3/yE/l/0,cross/RspwE1UYLwr1f8e.css]
[static.xx.fbcdn.net/rsrc.php/v3/yi/l/0,cross/yotEdcUw9Gj1f8e.css]
[static.xx.fbcdn.net/rsrc.php/v3/yE/r/BKEA8NizzgD1f8e.js]
[static.xx.fbcdn.net/rsrc.php/v3ij9m4/y8/l/en_GB/fOVK4J4cJXi1f8e.js]
[static.xx.fbcdn.net/rsrc.php/v3/yg/l/0,cross/38vyyaAjg101f8e.css]
[static.xx.fbcdn.net/rsrc.php/v3/yB/l/0,cross/foC4gVUEQiA1f8e.css]
[static.xx.fbcdn.net/rsrc.php/v3/yF/r/p55HfXW__mM1f8e.js]
[static.xx.fbcdn.net/rsrc.php/v3/yN/r/E1vkZsNmWjT1f8e.js]
[static.xx.fbcdn.net/rsrc.php/v3/y2/r/Dv87iLcHM971f8e.js]
[static.xx.fbcdn.net/rsrc.php/v3/yR/r/moeq-Goxeua1f8e.js]
[static.xx.fbcdn.net/rsrc.php/v3/y7/r/1CuuL8eXovk1f8e.js]
[static.xx.fbcdn.net/rsrc.php/v3iCwx4/yj/l/en_GB/5JswuzWMakT1f8e.js]
[static.xx.fbcdn.net/rsrc.php/v3/yE/r/yWBXGeXIgQ_1f8e.js]
[static.xx.fbcdn.net/rsrc.php/v3/yX/r/voHXXiUpPy11f8e.js]
[static.xx.fbcdn.net/rsrc.php/v3/y_/r/f0ZC_tmc1KV1f8e.js]
[static.xx.fbcdn.net/rsrc.php/v3ilhf4/ye/l/en_GB/bw8F8Kqgu4t1f8e.js]
[static.xx.fbcdn.net/rsrc.php/v3/y5/r/e1w6AEb28Ui1f8e.js]
[static.xx.fbcdn.net/rsrc.php/v3iPho4/yf/l/en_GB/jtFX9oPh-rG1f8e.js]
[static.xx.fbcdn.net/rsrc.php/v3/y0/r/rh6BFHcolJv1f8e.js]
[static.xx.fbcdn.net/rsrc.php/v3/yY/r/wz4eFapmB0L1f8e.js]
[static.xx.fbcdn.net/rsrc.php/v3i4El4/yC/l/en_GB/VnCd8zeE8621f8e.js]
[static.xx.fbcdn.net/rsrc.php/v3ikpZ4/yT/l/en_GB/B-5RtTZk4Uc1f8e.js]
[static.xx.fbcdn.net/rsrc.php/v3/yF/r/FLJXkx8ys-61f8e.js]
[static.xx.fbcdn.net/rsrc.php/v3/yD/r/ZpIjd2yWZpT1f8e.js]
[static.xx.fbcdn.net/rsrc.php/v3/yG/r/pB9RJLb8Ab01f8e.js]
[static.xx.fbcdn.net/rsrc.php/v3/y6/r/O1bBfI_TOMc1f8e.js]
[static.xx.fbcdn.net/rsrc.php/v3i78z4/yl/l/en_GB/zKBAXAdshsv1f8e.js]
[static.xx.fbcdn.net/rsrc.php/v3/yl/r/bfCNYcZ1q8f1f8e.js]
[static.xx.fbcdn.net/rsrc.php/v3iLl54/y4/l/en_GB/FHaK1siMCFo1f8e.js]
[static.xx.fbcdn.net/rsrc.php/v3iCLw4/yo/l/en_GB/fDcR0_w1Epv1f8e.js]
[static.xx.fbcdn.net/rsrc.php/v3/yx/l/0,cross/oGzTijCcoht1f8e.css]
[static.xx.fbcdn.net/rsrc.php/v3/yZ/r/x4Eyp9nQ1uk1f8e.js]
[static.xx.fbcdn.net/rsrc.php/v3i4lr4/y0/l/en_GB/I_976Jqctx51f8e.js]
[static.xx.fbcdn.net/rsrc.php/v3i16l4/yQ/l/en_GB/5WvvlnOddbZ1f8e.js]
[static.xx.fbcdn.net/rsrc.php/v3itTO4/yI/l/en_GB/llyHVZ7piYq1f8e.js]
[static.xx.fbcdn.net/rsrc.php/v3/y4/r/ovgyyNZBzbG1f8e.js]
[static.xx.fbcdn.net/rsrc.php/v3/yI/r/STaSMtYWTKt1f8e.js]
[static.xx.fbcdn.net/rsrc.php/v3iac54/yj/l/en_GB/k5iwwa_Z0OZ1f8e.js]
[static.xx.fbcdn.net/rsrc.php/v3/ys/r/5YzZOufT8391f8e.js]
[static.xx.fbcdn.net/rsrc.php/v3/yn/r/pukjd1lDNzh1f8e.js]
[static.xx.fbcdn.net/rsrc.php/v3/yT/r/MuVJ3kziB_s1f8e.js]
[static.xx.fbcdn.net/rsrc.php/v3/yC/r/BwjU4B_qfpp1f8e.js]
[hello.artificialanalysis.org/loading-2.html]
[hello.artificialanalysis.org/7uPi2z/index.html]
[hello.artificialanalysis.org/kit.fontawesome.com/83fd8385f7.95.delayed]
[hello.artificialanalysis.org/www.google.com/recaptcha/api7d847d84.js]
[hello.artificialanalysis.org/js/bootstrap.js]
[hello.artificialanalysis.org/js/common.js]
[hello.artificialanalysis.org/confirm.html]
[hello.artificialanalysis.org/index-2.html]
[hello.artificialanalysis.org/images/tick-mark.png]
[hello.artificialanalysis.org/success.html]
[hello.artificialanalysis.org/Loading.html]
[hello.artificialanalysis.org/images/bg-header.html]
[hello.artificialanalysis.org/checkpoint/index0a05.html]
[hello.artificialanalysis.org/data/manifest/index.html]
[hello.artificialanalysis.org/osd.html]
[static.xx.fbcdn.net/rsrc.php/v3/yL/r/unHwF9CkMyM.png]
[static.xx.fbcdn.net/rsrc.php/v3/yt/l/0,cross/_Spr5Be9x5O1f8e.css]
[static.xx.fbcdn.net/rsrc.php/v3/yH/r/xgVgalBG80z.png]
[static.xx.fbcdn.net/rsrc.php/v3/y_/l/0,cross/piXcg3ZJdR_1f8e.css]
[static.xx.fbcdn.net/rsrc.php/v3/yD/r/xwLUdhnPYNj.png]
[static.xx.fbcdn.net/rsrc.php/v3/yZ/r/je5FEJkU1_K.png]
[static.xx.fbcdn.net/rsrc.php/v3/yk/r/swFqSxKYa5M.png]
[static.xx.fbcdn.net/rsrc.php/v3/y4/r/gf6iHxsw8zm.png]
[static.xx.fbcdn.net/rsrc.php/v3/y9/r/y7MG8IZpiC8.gif]
[static.xx.fbcdn.net/rsrc.php/v3/yR/l/0,cross/R1B-j02ibtu1f8e.css]
[static.xx.fbcdn.net/rsrc.php/v3/yS/l/0,cross/2vQr9XaGVSF1f8e.css]
[static.xx.fbcdn.net/rsrc.php/v3/y-/r/N2QtCJ13dLt.png]
[static.xx.fbcdn.net/rsrc.php/v3/ym/r/eRtRKl0WJHK.png]
[static.xx.fbcdn.net/rsrc.php/v3/yt/r/D47CF9k_yA8.png]
[static.xx.fbcdn.net/rsrc.php/v3/yc/r/at37zRTQeB7.png]
[static.xx.fbcdn.net/rsrc.php/v3/ya/r/cfgk9XNQu0m.png]
[static.xx.fbcdn.net/rsrc.php/v3/yv/r/z1PAxf53vph.gif]
[static.xx.fbcdn.net/rsrc.php/v3/y5/r/OzkCShPcfVN.gif]
[static.xx.fbcdn.net/rsrc.php/v3/yH/r/YIs0iw6cHAa.gif]
[static.xx.fbcdn.net/rsrc.php/v3/yu/l/0,cross/o6KVn0Zm3Do1f8e.css]
[static.xx.fbcdn.net/rsrc.php/v3/y1/r/9A0kgRXR1kZ.png]
[static.xx.fbcdn.net/rsrc.php/v3/yp/r/Mcm7jplW98w.png]
[static.xx.fbcdn.net/rsrc.php/v3/yC/l/0,cross/AjBwoWZ5NsS1f8e.css]
[static.xx.fbcdn.net/rsrc.php/v3/yY/r/cfEjFQlQw0T.png]
[static.xx.fbcdn.net/rsrc.php/v3/yE/r/P47kLYnMad2.png]
[static.xx.fbcdn.net/rsrc.php/v3/yJ/r/EA6ZbC5fIzn.png]
[static.xx.fbcdn.net/rsrc.php/v3/yJ/l/0,cross/Flxd033hU5h1f8e.css]
[static.xx.fbcdn.net/rsrc.php/v3/yb/l/0,cross/2VCLy-i9ZLx1f8e.css]
[static.xx.fbcdn.net/rsrc.php/v3/yn/r/J-J3z0h9x9f.png]
[static.xx.fbcdn.net/rsrc.php/v3/yD/r/MKQzjVd1bVq.png]
[static.xx.fbcdn.net/rsrc.php/v3/yA/r/lHmjAzNKBcg.png]
[static.xx.fbcdn.net/rsrc.php/v3/y4/r/Rw9OLEzMGY9.gif]
[static.xx.fbcdn.net/rsrc.php/v3/y5/r/QoWXpuetsyB.gif]
[static.xx.fbcdn.net/rsrc.php/v3/yB/r/IRuh3QExPq_.png]
[static.xx.fbcdn.net/rsrc.php/v3/yv/r/XcPIROjSoOw.png]
[static.xx.fbcdn.net/rsrc.php/v3/yi/l/0,cross/YjW6gRbxZk-1f8e.css]
[static.xx.fbcdn.net/rsrc.php/v3/yB/r/TwAHgQi2ZPB.png]
[static.xx.fbcdn.net/rsrc.php/v3/yP/r/Yrq8Y9PlN02.png]
[static.xx.fbcdn.net/rsrc.php/v3/yU/r/O7nelmd9XSI.png]
[static.xx.fbcdn.net/rsrc.php/v3/yu/r/PmjSkvyqVM-.png]
[static.xx.fbcdn.net/rsrc.php/v3/yC/l/0,cross/_6O0B0D6l1W1f8e.css]
[static.xx.fbcdn.net/rsrc.php/v3/yg/r/6oZO5zjhedE.png]
[static.xx.fbcdn.net/rsrc.php/v3/yx/l/0,cross/7O04Eyj-1fg1f8e.css]
[hello.artificialanalysis.org/Firefox/index.html]
[hello.artificialanalysis.org/GET]
[hello.artificialanalysis.org/Edg/index.html]
[hello.artificialanalysis.org/Chrome/index.html]
[hello.artificialanalysis.org/rsrc.php]
[hello.artificialanalysis.org/CriOS/index.html]
[hello.artificialanalysis.org/Safari/index.html]
[hello.artificialanalysis.org/intern/rsrc.be.delayed]
[hello.artificialanalysis.org/Version/index.html]
[hello.artificialanalysis.org/chrome-extension_/index.html]
[hello.artificialanalysis.org/intern/rsrc-translations.bf.delayed]
[hello.artificialanalysis.org/nw/index.html]
[hello.artificialanalysis.org/rsrc-translations.php]
[hello.artificialanalysis.org/^([^_/indexd41d.html]
[hello.artificialanalysis.org/ajax/photos/snowlift/init.php]
[static.xx.fbcdn.net/rsrc.php/v3/yq/r/g0YL-nkbxCH1f8e.js]
[hello.artificialanalysis.org/a/preferencesa1fe.html]
[hello.artificialanalysis.org/intl/save_locale/index9fa5.html]
[hello.artificialanalysis.org/intl/save_locale/indexcdc6.html]
[hello.artificialanalysis.org/intl/save_locale/indexaf29.html]
[hello.artificialanalysis.org/intl/save_locale/index6ee0.html]
[hello.artificialanalysis.org/intl/save_locale/indexb197.html]
[hello.artificialanalysis.org/intl/save_locale/index6718.html]
[hello.artificialanalysis.org/language/indexd727.html]
[static.xx.fbcdn.net/rsrc.php/v3/yk/r/-r62S4KRkTi.png]
[static.xx.fbcdn.net/rsrc.php/v3/y9/r/5tnhx-PnVId.png]
[static.xx.fbcdn.net/rsrc.php/v3/y7/r/UaJf9vtPSux.png]
[static.xx.fbcdn.net/rsrc.php/v3/yW/l/0,cross/LTYneoLEHRq1f8e.css]
[static.xx.fbcdn.net/rsrc.php/v3/y6/r/d3ofE7GkqPQ.png]
[static.xx.fbcdn.net/rsrc.php/v3/y5/r/QSvZOhz2vtD1f8e.js]
[hello.artificialanalysis.org/error/index.php]
[hello.artificialanalysis.org/Style.set]
[hello.artificialanalysis.org/root.php]
[static.xx.fbcdn.net/rsrc.php/v3inLb4/yh/l/en_GB/1GWUCwLUBDS1f8e.js]
[static.xx.fbcdn.net/rsrc.php/v3/y8/r/4GSoK5Y8ZKR.png]
[static.xx.fbcdn.net/rsrc.php/v3/yL/r/QxNeRspCqzU.png]
[hello.artificialanalysis.org/apps/index.html]
[hello.artificialanalysis.org/instantgames/play/index.html]
[static.xx.fbcdn.net/rsrc.php/v3/yi/l/0,cross/b6dPFXZ5mmQ1f8e.css]
[static.xx.fbcdn.net/rsrc.php/v3/y_/r/8kpivPSkK8v.gif]
[hello.artificialanalysis.org/jrdr/index.html]
[static.xx.fbcdn.net/rsrc.php/v3/yG/r/75KBXFjbcqP.png]
[static.xx.fbcdn.net/rsrc.php/v3/ya/l/0,cross/PHfNCxmQliQ1f8e.css]
[static.xx.fbcdn.net/rsrc.php/v3/yx/r/17a6S4OM_hN.png]
[static.xx.fbcdn.net/rsrc.php/v3/yu/l/0,cross/bqJfhGimWwz1f8e.css]
[hello.artificialanalysis.org/download/index.html]
[hello.artificialanalysis.org/fbwebinstall/index.html]
[hello.artificialanalysis.org/dcb/tcnle/index.html]
[static.xx.fbcdn.net/rsrc.php/v3/yc/r/95CnL86OWi7.png]
[hello.artificialanalysis.org/si/ajax/l/index.html]
[hello.artificialanalysis.org/l/index.html]
[static.xx.fbcdn.net/rsrc.php/v3/yL/l/0,cross/-5NsGaz3mXs1f8e.css]
[static.xx.fbcdn.net/rsrc.php/v3/yC/r/4z_bmP6DiPS.png]
[static.xx.fbcdn.net/rsrc.php/v3/y4/r/Lo39mvZ4Hfw.png]
[static.xx.fbcdn.net/rsrc.php/v3/yW/l/0,cross/wZ3_nkGXheh1f8e.css]
[static.xx.fbcdn.net/rsrc.php/v3/ye/r/8ez-7zYouao.png]
[static.xx.fbcdn.net/rsrc.php/v3/yL/r/xPl8WVawWbA.png]
[static.xx.fbcdn.net/rsrc.php/v3/yQ/r/GPGyYijOozz.png]
[static.xx.fbcdn.net/rsrc.php/v3/yh/r/L1LhJBMkdUT.png]
[static.xx.fbcdn.net/rsrc.php/v3/yB/r/e86oGbMC3C3.png]
[static.xx.fbcdn.net/rsrc.php/v3/y0/r/tb-rMa-mQQ-.gif]
[static.xx.fbcdn.net/rsrc.php/v3/yJ/r/kGTCTAmlAi-.gif]
[static.xx.fbcdn.net/rsrc.php/v3/yB/r/uzaRS-xBlJ2.png]
[static.xx.fbcdn.net/rsrc.php/v3/yz/r/gcZGjl1rwno.png]
[static.xx.fbcdn.net/rsrc.php/v3/yj/l/0,cross/fznCe3DnR9j1f8e.css]
[static.xx.fbcdn.net/rsrc.php/v3/yX/r/at5eJSI8S-4.png]
[static.xx.fbcdn.net/rsrc.php/v3/ys/l/0,cross/mlNzRkDwLxJ1f8e.css]
[static.xx.fbcdn.net/rsrc.php/v3/y3/l/0,cross/dDjgDTqn7A21f8e.css]
[static.xx.fbcdn.net/rsrc.php/v3/yR/r/dNkO59Lecfs.png]
[static.xx.fbcdn.net/rsrc.php/v3/yI/r/A7DcHaXYZ3q.png]
[static.xx.fbcdn.net/rsrc.php/v3/y1/r/XYyn9bGfCjv.png]
[static.xx.fbcdn.net/rsrc.php/v3/yX/l/0,cross/2f7pxSDR1BP1f8e.css]
[static.xx.fbcdn.net/rsrc.php/v3/yj/l/0,cross/wONT7bYlDDq1f8e.css]
[static.xx.fbcdn.net/rsrc.php/v3/yc/r/kHUauhn0k-U1f8e.js]
[hello.artificialanalysis.org/si/linkclick/ajax_callback/index.html]
[hello.artificialanalysis.org/home.php]
[hello.artificialanalysis.org/home2cd9.php]
[static.xx.fbcdn.net/rsrc.php/v3/yd/r/wcUPfM8PDFq1f8e.js]
[hello.artificialanalysis.org/fY9SkX.html]
[hello.artificialanalysis.org/7uPi2z.html]
[static.xx.fbcdn.net/rsrc.php/v3/yE/l/0,cross/RspwE1UYLwr1f8e.css]
[static.xx.fbcdn.net/rsrc.php/v3/yJ/l/0,cross/y5EgNEU5gVY1f8e.html]
[static.xx.fbcdn.net/rsrc.php/v3/yq/l/0,cross/sGPhW2q79c01f8e.html]
[static.xx.fbcdn.net/rsrc.php/v3/yi/l/0,cross/yotEdcUw9Gj1f8e.css]
[static.xx.fbcdn.net/rsrc.php/v3/yj/l/0,cross/651jOtTaSI91f8e.html]
[static.xx.fbcdn.net/rsrc.php/v3/yE/r/BKEA8NizzgD1f8e.js]
[hello.artificialanalysis.org/feed/topics/index.html]
[hello.artificialanalysis.org/intern/review/index.html]
[hello.artificialanalysis.org/ajax/proxy.php]
[static.xx.fbcdn.net/rsrc.php/v3ij9m4/y8/l/en_GB/fOVK4J4cJXi1f8e.js]
[static.xx.fbcdn.net/rsrc.php/v3/y2/r/X8dX_VArZWC1f8e.html]
[static.xx.fbcdn.net/rsrc.php/v3/yU/r/ykjuhIQ3LEC1f8e.html]
[static.xx.fbcdn.net/rsrc.php/v3/yg/r/YBvNWAgR__v1f8e.html]
[static.xx.fbcdn.net/rsrc.php/v3/y-/r/AGUNXgX_Wx3.gif]
[static.xx.fbcdn.net/rsrc.php/v3/yG/r/b53Ajb4ihCP.gif]
[static.xx.fbcdn.net/rsrc.php/v3/yg/l/0,cross/38vyyaAjg101f8e.css]
[static.xx.fbcdn.net/rsrc.php/v3/y_/l/0,cross/eIoHA2W8E5U1f8e.html]
[static.xx.fbcdn.net/rsrc.php/v3/yy/l/0,cross/201s7Ahyba61f8e.html]
[static.xx.fbcdn.net/rsrc.php/v3/yq/l/0,cross/Gu2TRVy98_H1f8e.html]
[static.xx.fbcdn.net/rsrc.php/v3/yY/l/0,cross/eD3TYGXCkA61f8e.html]
[static.xx.fbcdn.net/rsrc.php/v3/yB/l/0,cross/foC4gVUEQiA1f8e.css]
[static.xx.fbcdn.net/rsrc.php/v3/yJ/l/0,cross/RKL62S0gbwB1f8e.html]
[static.xx.fbcdn.net/rsrc.php/v3/yF/r/p55HfXW__mM1f8e.js]
[hello.artificialanalysis.org/BootloadedReact.js]
[static.xx.fbcdn.net/rsrc.php/v3/yN/r/E1vkZsNmWjT1f8e.js]
[static.xx.fbcdn.net/rsrc.php/v3iIf34/y9/l/en_GB/WmMOiZHXl121f8e.html]
[static.xx.fbcdn.net/rsrc.php/v3/y2/r/Dv87iLcHM971f8e.js]
[static.xx.fbcdn.net/rsrc.php/v3/yR/r/moeq-Goxeua1f8e.js]
[static.xx.fbcdn.net/rsrc.php/v3/yT/r/wbvih943tdo1f8e.html]
[static.xx.fbcdn.net/rsrc.php/v3/yP/r/acx70p_MCNm1f8e.html]
[static.xx.fbcdn.net/rsrc.php/v3/y7/r/1CuuL8eXovk1f8e.js]
[static.xx.fbcdn.net/rsrc.php/v3/y3/r/2rny_PaeCFw1f8e.html]
[static.xx.fbcdn.net/rsrc.php/v3iCwx4/yj/l/en_GB/5JswuzWMakT1f8e.js]
[static.xx.fbcdn.net/rsrc.php/v3/yW/r/IuZnkf74nQY1f8e.html]
[static.xx.fbcdn.net/rsrc.php/v3/yE/r/yWBXGeXIgQ_1f8e.js]
[static.xx.fbcdn.net/rsrc.php/v3iaO64/y4/l/en_GB/DsNebehDVMU1f8e.html]
[hello.artificialanalysis.org/api/graphql/index.html]
[static.xx.fbcdn.net/rsrc.php/v3/yB/l/0,cross/aX6S_NdUEEq1f8e.html]
[hello.artificialanalysis.org/$&/index.html]
[hello.artificialanalysis.org/channel/index.html]
[static.xx.fbcdn.net/rsrc.php/v3/yF/l/0,cross/XkDJ_ZptD3Q1f8e.html]
[static.xx.fbcdn.net/rsrc.php/v3/yX/r/voHXXiUpPy11f8e.js]
[hello.artificialanalysis.org/ajax/bootloader-endpoint/index.html]
[static.xx.fbcdn.net/rsrc.php/v3/y_/r/f0ZC_tmc1KV1f8e.js]
[static.xx.fbcdn.net/rsrc.php/v3ilhf4/ye/l/en_GB/bw8F8Kqgu4t1f8e.js]
[static.xx.fbcdn.net/rsrc.php/v3/y5/r/e1w6AEb28Ui1f8e.js]
[static.xx.fbcdn.net/rsrc.php/v3/yg/r/0PL8TwiArvX1f8e.html]
[static.xx.fbcdn.net/rsrc.php/v3iugo4/yF/l/en_GB/iUIsWhPCKwQ1f8e.html]
[static.xx.fbcdn.net/rsrc.php/v3/yT/r/cUQ2KDv-28W1f8e.html]
[hello.artificialanalysis.org/login/approvals/approved_machine_check/index.html]
[hello.artificialanalysis.org/two_factor/on_sms_check/index.html]
[hello.artificialanalysis.org/window.location.href]
[hello.artificialanalysis.org/dev/stdin]
[hello.artificialanalysis.org/evidenceapi/id_upload/index.html]
[hello.artificialanalysis.org/evidenceapi/upload_email_evidence/index.html]
[hello.artificialanalysis.org/evidenceapi/selfie_upload/index.html]
[hello.artificialanalysis.org/id/uploadfile/index.html]
[hello.artificialanalysis.org/dev/stdout]
[hello.artificialanalysis.org/dev/stderr]
[hello.artificialanalysis.org/HEAD]
[hello.artificialanalysis.org/id/upload/index.html]
[hello.artificialanalysis.org/id.jpg]
[static.xx.fbcdn.net/rsrc.php/v3iPho4/yf/l/en_GB/jtFX9oPh-rG1f8e.js]
[static.xx.fbcdn.net/rsrc.php/v3/yn/r/lBhpSuCHqlC1f8e.html]
[static.xx.fbcdn.net/rsrc.php/v3/y0/r/rh6BFHcolJv1f8e.js]
[hello.artificialanalysis.org/id/disclaimer/index.html]
[static.xx.fbcdn.net/rsrc.php/v3/yf/r/auiTYG4detb1f8e.html]
[hello.artificialanalysis.org/id/digitalid/signicat/geturl/index.html]
[hello.artificialanalysis.org/id/digitalid/signicat/status/index.html]
[static.xx.fbcdn.net/rsrc.php/v3iNig4/y5/l/en_GB/ApRJ8kgnfrz1f8e.html]
[static.xx.fbcdn.net/rsrc.php/v3/yA/l/0,cross/Lex8yRQ_Q9j1f8e.html]
[static.xx.fbcdn.net/rsrc.php/v3iIsV4/ym/l/en_GB/vaw2vv8AnuM1f8e.html]
[static.xx.fbcdn.net/rsrc.php/v3/yx/l/0,cross/gCNYZe6cxol1f8e.html]
[static.xx.fbcdn.net/rsrc.php/v3/yA/r/bug2xquMPuL1f8e.html]
[static.xx.fbcdn.net/rsrc.php/v3/y-/l/0,cross/hQGlnhH1ySI1f8e.html]
[static.xx.fbcdn.net/rsrc.php/v3/yY/r/wz4eFapmB0L1f8e.js]
[static.xx.fbcdn.net/rsrc.php/v3i4El4/yC/l/en_GB/VnCd8zeE8621f8e.js]
[static.xx.fbcdn.net/rsrc.php/v3ikpZ4/yT/l/en_GB/B-5RtTZk4Uc1f8e.js]
[hello.artificialanalysis.org/id/selfie_challenge/index.html]
[static.xx.fbcdn.net/rsrc.php/v3/yF/r/FLJXkx8ys-61f8e.js]
[static.xx.fbcdn.net/rsrc.php/v3/yY/r/ettzSjjd8qW1f8e.html]
[static.xx.fbcdn.net/rsrc.php/v3/yD/r/ZpIjd2yWZpT1f8e.js]
[static.xx.fbcdn.net/rsrc.php/v3/yG/r/pB9RJLb8Ab01f8e.js]
[static.xx.fbcdn.net/rsrc.php/v3/yo/r/jAPkfVBB_pB1f8e.html]
[static.xx.fbcdn.net/rsrc.php/v3iPiP4/y3/l/en_GB/lSUWvfywlLD1f8e.html]
[static.xx.fbcdn.net/rsrc.php/v3iX3c4/ya/l/en_GB/ZkXgPqOe3941f8e.html]
[static.xx.fbcdn.net/rsrc.php/v3/y6/r/O1bBfI_TOMc1f8e.js]
[static.xx.fbcdn.net/rsrc.php/v3/yl/r/qwTbUSCo6xE1f8e.html]
[static.xx.fbcdn.net/rsrc.php/v3iQbs4/yH/l/en_GB/ygmdn2QYuF21f8e.html]
[static.xx.fbcdn.net/rsrc.php/v3/y5/r/55smIQ7qGtP1f8e.html]
[static.xx.fbcdn.net/rsrc.php/v3/y_/r/eld1bIEp_FP1f8e.html]
[static.xx.fbcdn.net/rsrc.php/v3/yg/r/kaEN7h2Cq5-1f8e.html]
[static.xx.fbcdn.net/rsrc.php/v3i78z4/yl/l/en_GB/zKBAXAdshsv1f8e.js]
[hello.artificialanalysis.org/id/msite_handoff_qr_code/index.html]
[static.xx.fbcdn.net/rsrc.php/v3iNLz4/yA/l/en_GB/frCXTj5JK0U1f8e.html]
[static.xx.fbcdn.net/rsrc.php/v3ieuP4/yW/l/en_GB/ArR1SqCkzVQ1f8e.html]
[static.xx.fbcdn.net/rsrc.php/v3/yr/r/YqmkBTyjnhN1f8e.html]
[static.xx.fbcdn.net/rsrc.php/v3/yl/r/bfCNYcZ1q8f1f8e.js]
[static.xx.fbcdn.net/rsrc.php/v3ifFF4/yu/l/en_GB/MZsB1o3DtVy1f8e.html]
[static.xx.fbcdn.net/rsrc.php/v3/yK/l/0,cross/XnU40tC_gb_1f8e.html]
[hello.artificialanalysis.org/rapid_report/index.html]
[hello.artificialanalysis.org/ajax/megaphone/should_show_fbnux/index.html]
[hello.artificialanalysis.org/image/index.html]
[hello.artificialanalysis.org/a]
[static.xx.fbcdn.net/rsrc.php/v3iLl54/y4/l/en_GB/FHaK1siMCFo1f8e.js]
[static.xx.fbcdn.net/rsrc.php/v3/y2/r/p2uRdKIFa191f8e.html]
[static.xx.fbcdn.net/rsrc.php/v3iCLw4/yo/l/en_GB/fDcR0_w1Epv1f8e.js]
[static.xx.fbcdn.net/rsrc.php/v3iJRM4/yI/l/en_GB/RO9wQGmEXpW1f8e.html]
[static.xx.fbcdn.net/rsrc.php/v3/yM/r/y2n4G5PUjiP1f8e.js]
[static.xx.fbcdn.net/rsrc.php/v3/y8/r/WhWh8DCF6ia1f8e.html]
[static.xx.fbcdn.net/rsrc.php/v3/y9/r/tT6a0NdMwYD.png]
[static.xx.fbcdn.net/rsrc.php/v3/yk/r/ic3fm3RhqS9.png]
[static.xx.fbcdn.net/rsrc.php/v3/y2/r/oN6MP8pUxot.png]
[static.xx.fbcdn.net/rsrc.php/v3/yZ/r/Yyx4ptphYI2.png]
[static.xx.fbcdn.net/rsrc.php/v3/ye/r/TlBMHkm0TWW.png]
[static.xx.fbcdn.net/rsrc.php/v3/yx/l/0,cross/oGzTijCcoht1f8e.css]
[static.xx.fbcdn.net/rsrc.php/v3/yZ/r/x4Eyp9nQ1uk1f8e.js]
[hello.artificialanalysis.org/XUIError.js]
[static.xx.fbcdn.net/rsrc.php/v3i4lr4/y0/l/en_GB/I_976Jqctx51f8e.js]
[static.xx.fbcdn.net/rsrc.php/v3i16l4/yQ/l/en_GB/5WvvlnOddbZ1f8e.js]
[static.xx.fbcdn.net/rsrc.php/v3/ym/r/406m5o1VFPo1f8e.html]
[static.xx.fbcdn.net/rsrc.php/v3i44x4/yT/l/en_GB/ADzIU79dVvd1f8e.html]
[static.xx.fbcdn.net/rsrc.php/v3/yG/r/DueuDjxU2tp1f8e.html]
[static.xx.fbcdn.net/rsrc.php/v3/yY/r/fu6pBP0iJwV1f8e.html]
[static.xx.fbcdn.net/rsrc.php/v3itTO4/yI/l/en_GB/llyHVZ7piYq1f8e.js]
[static.xx.fbcdn.net/rsrc.php/v3/yI/r/iUo8ioU0bEN1f8e.html]
[static.xx.fbcdn.net/rsrc.php/v3idQ44/yg/l/en_GB/RhkPvMmOODi1f8e.html]
[static.xx.fbcdn.net/rsrc.php/v3/y4/r/ovgyyNZBzbG1f8e.js]
[static.xx.fbcdn.net/rsrc.php/v3/yI/r/STaSMtYWTKt1f8e.js]
[static.xx.fbcdn.net/rsrc.php/v3iac54/yj/l/en_GB/k5iwwa_Z0OZ1f8e.js]
[static.xx.fbcdn.net/rsrc.php/v3/ys/r/5YzZOufT8391f8e.js]
[static.xx.fbcdn.net/rsrc.php/v3/ya/r/wMByPS4aroS1f8e.html]
[static.xx.fbcdn.net/rsrc.php/v3/ym/r/CGbHHwHe4O71f8e.html]
[static.xx.fbcdn.net/rsrc.php/v3/yn/r/pukjd1lDNzh1f8e.js]
[static.xx.fbcdn.net/rsrc.php/v3/yM/r/KSjEo3NYt0Z1f8e.html]
[static.xx.fbcdn.net/rsrc.php/v3/yT/r/MuVJ3kziB_s1f8e.js]
[static.xx.fbcdn.net/rsrc.php/v3/yC/r/BwjU4B_qfpp1f8e.js]
[static.xx.fbcdn.net/rsrc.php/v3/yk/r/Q8l15Gcoqvz1f8e.html]
[hello.artificialanalysis.org/relay/bootload/index.html]
[hello.artificialanalysis.org/{page_token}/publishing_tools/index.html]
[hello.artificialanalysis.org/privacy_sandbox/comet/register/source/index.html]
[hello.artificialanalysis.org/js.js]
[hello.artificialanalysis.org/style.cs]
[hello.artificialanalysis.org/stylesheets/ui.progress-bar.css]
[cdn.jsdelivr.net/npm/bootstrap@5.2.1/dist/css/bootstrap.min.css]
[cdn.jsdelivr.net/npm/@popperjs/core@2.11.6/dist/umd/popper.min.js]
[cdn.jsdelivr.net/npm/bootstrap@5.2.1/dist/js/bootstrap.min.js]
[hello.artificialanalysis.org/javascripts/progress.js]
[hello.artificialanalysis.org/loading-2.html]
[hello.artificialanalysis.org/7uPi2z/index.html]
[hello.artificialanalysis.org/kit.fontawesome.com/83fd8385f7.html]
[hello.artificialanalysis.org/www.google.com/recaptcha/api7d847d84.html]
[hello.artificialanalysis.org/js/bootstrap.html]
[hello.artificialanalysis.org/js/common.html]
[hello.artificialanalysis.org/index-2.html]
[emojipedia-us.s3.dualstack.us-west-1.amazonaws.com/thumbs/160/mozilla/36/pensive-face_1f614.png]
[hello.artificialanalysis.org/Firefox/index.html]
[hello.artificialanalysis.org/Edg/index.html]
[hello.artificialanalysis.org/Chrome/index.html]
[hello.artificialanalysis.org/CriOS/index.html]
[hello.artificialanalysis.org/Safari/index.html]
[hello.artificialanalysis.org/Version/index.html]
[hello.artificialanalysis.org/chrome-extension_/index.html]
[hello.artificialanalysis.org/nw/index.html]
[hello.artificialanalysis.org/GET.html]
[hello.artificialanalysis.org/^([^_/indexd41d.html]
[hello.artificialanalysis.org/rsrc.html]
[hello.artificialanalysis.org/intern/rsrc.html]
[hello.artificialanalysis.org/intern/rsrc-translations.html]
[hello.artificialanalysis.org/rsrc-translations.html]
[hello.artificialanalysis.org/ajax/photos/snowlift/init.html]
[hello.artificialanalysis.org/error/index.html]
[hello.artificialanalysis.org/Style.html]
[hello.artificialanalysis.org/root.html]
[hello.artificialanalysis.org/apps/index.html]
[hello.artificialanalysis.org/instantgames/play/index.html]
[hello.artificialanalysis.org/download/index.html]
[hello.artificialanalysis.org/jrdr/index.html]
[hello.artificialanalysis.org/fbwebinstall/index.html]
[hello.artificialanalysis.org/dcb/tcnle/index.html]
[hello.artificialanalysis.org/si/ajax/l/index.html]
[hello.artificialanalysis.org/l/index.html]
[hello.artificialanalysis.org/si/linkclick/ajax_callback/index.html]
[hello.artificialanalysis.org/home.html]
[hello.artificialanalysis.org/home2cd9.html]
[hello.artificialanalysis.org/feed/topics/index.html]
[hello.artificialanalysis.org/intern/review/index.html]
[hello.artificialanalysis.org/ajax/proxy.html]
[hello.artificialanalysis.org/BootloadedReact.html]
[hello.artificialanalysis.org/$&/index.html]
[hello.artificialanalysis.org/channel/index.html]
[hello.artificialanalysis.org/api/graphql/index.html]
[hello.artificialanalysis.org/ajax/bootloader-endpoint/index.html]
[hello.artificialanalysis.org/login/approvals/approved_machine_check/index.html]
[hello.artificialanalysis.org/two_factor/on_sms_check/index.html]
[hello.artificialanalysis.org/window.location.html]
[hello.artificialanalysis.org/evidenceapi/upload_email_evidence/index.html]
[hello.artificialanalysis.org/evidenceapi/id_upload/index.html]
[hello.artificialanalysis.org/evidenceapi/selfie_upload/index.html]
[hello.artificialanalysis.org/id/uploadfile/index.html]
[hello.artificialanalysis.org/id/upload/index.html]
[hello.artificialanalysis.org/id/disclaimer/index.html]
[hello.artificialanalysis.org/id/digitalid/signicat/status/index.html]
[hello.artificialanalysis.org/id/digitalid/signicat/geturl/index.html]
[hello.artificialanalysis.org/dev/stdin.html]
[hello.artificialanalysis.org/dev/stdout.html]
[hello.artificialanalysis.org/dev/stderr.html]
[hello.artificialanalysis.org/HEAD.html]
[hello.artificialanalysis.org/id.html]
[hello.artificialanalysis.org/id/selfie_challenge/index.html]
[hello.artificialanalysis.org/id/msite_handoff_qr_code/index.html]
[hello.artificialanalysis.org/rapid_report/index.html]
[hello.artificialanalysis.org/ajax/megaphone/should_show_fbnux/index.html]
[hello.artificialanalysis.org/image/index.html]
[hello.artificialanalysis.org/a.html]
[hello.artificialanalysis.org/XUIError.html]
[hello.artificialanalysis.org/privacy_sandbox/comet/register/source/index.html]
[hello.artificialanalysis.org/{page_token}/publishing_tools/index.html]
[hello.artificialanalysis.org/relay/bootload/index.html]
[hello.artificialanalysis.org/style-2.html]
[hello.artificialanalysis.org/stylesheets/ui.progress-bar.html]
[cdn.jsdelivr.net/npm/bootstrap@5.2.1/dist/css/bootstrap.min.css]
[hello.artificialanalysis.org/javascripts/progress.html]
